// Jest Snapshot v1, https://goo.gl/fbAQLP

exports[`Resolver: point - real queries from customer apps chrome extension retrieve all the historical data 1`] = `
Object {
  "data": Object {
    "point": Object {
      "buildings": Array [
        Object {
          "id": 1,
          "properties": Object {
            "results": Array [
              Object {
                "area": 90,
                "category": "apartment",
                "floor": 2,
                "price": 100,
                "price_per_sqm": 1.11,
                "published_at": "2021-04-12T19:47:30.000Z",
                "rent_type": "monthly",
                "rooms": null,
                "type": "rent",
              },
              Object {
                "area": null,
                "category": "apartment",
                "floor": null,
                "price": 200,
                "price_per_sqm": null,
                "published_at": "2021-04-12T19:47:30.000Z",
                "rent_type": "monthly",
                "rooms": null,
                "type": "rent",
              },
            ],
          },
        },
      ],
    },
  },
  "errors": undefined,
  "extensions": undefined,
  "http": Object {
    "headers": Headers {
      Symbol(map): Object {},
    },
  },
}
`;
