// Jest Snapshot v1, https://goo.gl/fbAQLP

exports[`Building bounds JSON decodes the value if it is a string 1`] = `"56.992294 24.136619, 56.976394 23.99579, 56.924904 24.005336, 56.889288 24.108467, 56.932211 24.291935, 56.996502 24.245176, 56.992294 24.136619"`;

exports[`Building bounds returns bounds value 1`] = `"56.992294 24.136619, 56.976394 23.99579, 56.924904 24.005336, 56.889288 24.108467, 56.932211 24.291935, 56.996502 24.245176, 56.992294 24.136619"`;
