// Jest Snapshot v1, https://goo.gl/fbAQLP

exports[`Mutation: calculateBuildingId successfully calculates the building-id from foreign_id 1`] = `
Object {
  "data": Object {
    "calculateBuildingId": 4,
  },
  "errors": undefined,
  "extensions": undefined,
  "http": Object {
    "headers": Headers {
      Symbol(map): Object {},
    },
  },
}
`;
