// Jest Snapshot v1, https://goo.gl/fbAQLP

exports[`Mutation: submitFeedback successfully submits the feedback to Bugsnag 1`] = `
Object {
  "data": Object {
    "submitFeedback": true,
  },
  "errors": undefined,
  "extensions": undefined,
  "http": Object {
    "headers": Headers {
      Symbol(map): Object {},
    },
  },
}
`;
